24 19 0 5 25 15 1 13 0 0 1 0 2 12 15 -1 13 0 0 1 11 0 2 6 17 35 13 0 0 1 0 5 12 16 42 13 0 0 1 0 2 12 15 -1 13 0 0 1 11 22 15 -1 15 -1 21 -1