24 19 0 5 25 15 1 13 0 0 1 0 0 12 15 -1 13 0 0 1 11 22 15 -1 0 10 23 15 -1 13 0 0 1 9 11 0 1 1 12 15 -1 13 0 0 1 11 22 15 -1 0 10 23 15 -1 13 0 0 1 9 11 0 1 2 12 15 -1 13 0 0 1 11 22 15 -1 0 10 23 15 -1 15 1 13 0 1 1 0 3 12 15 -1 13 0 1 1 11 22 15 -1 13 0 1 1 9 11 0 1 1 12 15 -1 0 10 23 15 -1 13 0 1 1 11 22 15 -1 0 10 23 15 -1 13 0 1 1 9 11 0 1 2 12 15 -1 13 0 1 1 11 22 15 -1 15 -2 21 -1